--- Test01: 3-d rect array
rank 3
rect true
zeroBased false
rail false
isConvex() true
size() 24
region: [1..2,2..4,3..6]
  poly
    --- 1
    2  . . . 6 8 0 2 . . . 
    3  . . . 9 2 5 8 . . . 
    4  . . . 2 6 0 4 . . . 
    --- 2
    2  . . . 2 6 0 4 . . . 
    3  . . . 8 4 0 6 . . . 
    4  . . . 4 2 0 8 . . . 
  iterator
    --- 1
    2  . . . 6 8 0 2 . . . 
    3  . . . 9 2 5 8 . . . 
    4  . . . 2 6 0 4 . . . 
    --- 2
    2  . . . 2 6 0 4 . . . 
    3  . . . 8 4 0 6 . . . 
    4  . . . 4 2 0 8 . . . 
