--- Test12: full intersected with rectangle
rank 2
rect true
zeroBased false
rail false
isConvex() true
size() 9
x10.array.RectRegion
    [  -1   0 |   1 ]   x0 >= 1
    [   0  -1 |   2 ]   x1 >= 2
    [   0   1 |  -4 ]   x1 <= 4
    [   1   0 |  -3 ]   x0 <= 3
  poly
    1  . . 2 3 4 . . . . . 
    2  . . 4 6 8 . . . . . 
    3  . . 6 9 2 . . . . . 
  iterator
    1  . . 2 3 4 . . . . . 
    2  . . 4 6 8 . . . . . 
    3  . . 6 9 2 . . . . . 
