--- Test08: diamond
rank 2
rect false
zeroBased false
rail false
isConvex() true
size() x10.array.PolyRegion does not support size
region: (x0+x1>=3 && x0-x1>=-1 && x0-x1<=1 && x0+x1<=7)
  poly
    1  . . 2 . . . . . . . 
    2  . 2 4 6 . . . . . . 
    3  . . 6 9 2 . . . . . 
    4  . . . 2 . . . . . . 
  iterator
    1  . . 2 . . . . . . . 
    2  . 2 4 6 . . . . . . 
    3  . . 6 9 2 . . . . . 
    4  . . . 2 . . . . . . 
